[    0.000000] Initializing cgroup subsys cpuset
[    0.000000] Initializing cgroup subsys cpu
[    0.000000] Initializing cgroup subsys cpuacct
[    0.000000] Linux version 4.4.0-210-generic (buildd@lgw01-amd64-009) (gcc version 5.4.0 20160609 (Ubuntu 5.4.0-6ubuntu1~16.04.12) ) #242-Ubuntu SMP Fri Apr 16 09:57:56 UTC 2021 (Ubuntu 4.4.0-210.242-generic 4.4.262)
[    0.000000] Command line: BOOT_IMAGE=/boot/vmlinuz-4.4.0-210-generic root=LABEL=cloudimg-rootfs ro console=tty1 console=ttyS0
[    0.000000] KERNEL supported cpus:
[    0.000000]   Intel GenuineIntel
[    0.000000]   AMD AuthenticAMD
[    0.000000]   Centaur CentaurHauls
[    0.000000] x86/fpu: xstate_offset[2]:  576, xstate_sizes[2]:  256
[    0.000000] x86/fpu: Supporting XSAVE feature 0x01: 'x87 floating point registers'
[    0.000000] x86/fpu: Supporting XSAVE feature 0x02: 'SSE registers'
[    0.000000] x86/fpu: Supporting XSAVE feature 0x04: 'AVX registers'
[    0.000000] x86/fpu: Enabled xstate features 0x7, context size is 832 bytes, using 'standard' format.
[    0.000000] e820: BIOS-provided physical RAM map:
[    0.000000] BIOS-e820: [mem 0x0000000000000000-0x000000000009fbff] usable
[    0.000000] BIOS-e820: [mem 0x000000000009fc00-0x000000000009ffff] reserved
[    0.000000] BIOS-e820: [mem 0x00000000000f0000-0x00000000000fffff] reserved
[    0.000000] BIOS-e820: [mem 0x0000000000100000-0x000000003ffeffff] usable
[    0.000000] BIOS-e820: [mem 0x000000003fff0000-0x000000003fffffff] ACPI data
[    0.000000] BIOS-e820: [mem 0x00000000fec00000-0x00000000fec00fff] reserved
[    0.000000] BIOS-e820: [mem 0x00000000fee00000-0x00000000fee00fff] reserved
[    0.000000] BIOS-e820: [mem 0x00000000fffc0000-0x00000000ffffffff] reserved
[    0.000000] NX (Execute Disable) protection: active
[    0.000000] SMBIOS 2.5 present.
[    0.000000] Hypervisor detected: KVM
[    0.000000] Kernel/User page tables isolation: disabled
[    0.000000] e820: last_pfn = 0x3fff0 max_arch_pfn = 0x400000000
[    0.000000] MTRR: Disabled
[    0.000000] x86/PAT: MTRRs disabled, skipping PAT initialization too.
[    0.000000] CPU MTRRs all blank - virtualized system.
[    0.000000] x86/PAT: Configuration [0-7]: WB  WT  UC- UC  WB  WT  UC- UC  
[    0.000000] found SMP MP-table at [mem 0x0009fff0-0x0009ffff] mapped at [ffff88000009fff0]
[    0.000000] Scanning 1 areas for low memory corruption
[    0.000000] RAMDISK: [mem 0x362dc000-0x37165fff]
[    0.000000] ACPI: Early table checksum verification disabled
[    0.000000] ACPI: RSDP 0x00000000000E0000 000024 (v02 VBOX  )
[    0.000000] ACPI: XSDT 0x000000003FFF0030 00003C (v01 VBOX   VBOXXSDT 00000001 ASL  00000061)
[    0.000000] ACPI: FACP 0x000000003FFF00F0 0000F4 (v04 VBOX   VBOXFACP 00000001 ASL  00000061)
[    0.000000] ACPI: DSDT 0x000000003FFF0470 002325 (v02 VBOX   VBOXBIOS 00000002 INTL 20100528)
[    0.000000] ACPI: FACS 0x000000003FFF0200 000040
[    0.000000] ACPI: FACS 0x000000003FFF0200 000040
[    0.000000] ACPI: APIC 0x000000003FFF0240 00005C (v02 VBOX   VBOXAPIC 00000001 ASL  00000061)
[    0.000000] ACPI: SSDT 0x000000003FFF02A0 0001CC (v01 VBOX   VBOXCPUT 00000002 INTL 20100528)
[    0.000000] No NUMA configuration found
[    0.000000] Faking a node at [mem 0x0000000000000000-0x000000003ffeffff]
[    0.000000] NODE_DATA(0) allocated [mem 0x3ffeb000-0x3ffeffff]
[    0.000000] kvm-clock: Using msrs 4b564d01 and 4b564d00
[    0.000000] kvm-clock: cpu 0, msr 0:3ffe3001, primary cpu clock
[    0.000000] kvm-clock: using sched offset of 4360162594 cycles
[    0.000000] clocksource: kvm-clock: mask: 0xffffffffffffffff max_cycles: 0x1cd42e4dffb, max_idle_ns: 881590591483 ns
[    0.000000] Zone ranges:
[    0.000000]   DMA      [mem 0x0000000000001000-0x0000000000ffffff]
[    0.000000]   DMA32    [mem 0x0000000001000000-0x000000003ffeffff]
[    0.000000]   Normal   empty
[    0.000000]   Device   empty
[    0.000000] Movable zone start for each node
[    0.000000] Early memory node ranges
[    0.000000]   node   0: [mem 0x0000000000001000-0x000000000009efff]
[    0.000000]   node   0: [mem 0x0000000000100000-0x000000003ffeffff]
[    0.000000] Initmem setup node 0 [mem 0x0000000000001000-0x000000003ffeffff]
[    0.000000] ACPI: PM-Timer IO Port: 0x4008
[    0.000000] IOAPIC[0]: apic_id 2, version 32, address 0xfec00000, GSI 0-23
[    0.000000] ACPI: INT_SRC_OVR (bus 0 bus_irq 0 global_irq 2 dfl dfl)
[    0.000000] ACPI: INT_SRC_OVR (bus 0 bus_irq 9 global_irq 9 low level)
[    0.000000] Using ACPI (MADT) for SMP configuration information
[    0.000000] smpboot: Allowing 2 CPUs, 0 hotplug CPUs
[    0.000000] PM: Registered nosave memory: [mem 0x00000000-0x00000fff]
[    0.000000] PM: Registered nosave memory: [mem 0x0009f000-0x0009ffff]
[    0.000000] PM: Registered nosave memory: [mem 0x000a0000-0x000effff]
[    0.000000] PM: Registered nosave memory: [mem 0x000f0000-0x000fffff]
[    0.000000] e820: [mem 0x40000000-0xfebfffff] available for PCI devices
[    0.000000] Booting paravirtualized kernel on KVM
[    0.000000] clocksource: refined-jiffies: mask: 0xffffffff max_cycles: 0xffffffff, max_idle_ns: 7645519600211568 ns
[    0.000000] setup_percpu: NR_CPUS:512 nr_cpumask_bits:512 nr_cpu_ids:2 nr_node_ids:1
[    0.000000] PERCPU: Embedded 33 pages/cpu @ffff88003fc00000 s95192 r8192 d31784 u1048576
[    0.000000] Built 1 zonelists in Node order, mobility grouping on.  Total pages: 257912
[    0.000000] Policy zone: DMA32
[    0.000000] Kernel command line: BOOT_IMAGE=/boot/vmlinuz-4.4.0-210-generic root=LABEL=cloudimg-rootfs ro console=tty1 console=ttyS0
[    0.000000] PID hash table entries: 4096 (order: 3, 32768 bytes)
[    0.000000] Memory: 997792K/1048120K available (8644K kernel code, 1332K rwdata, 4044K rodata, 1492K init, 1164K bss, 50328K reserved, 0K cma-reserved)
[    0.000000] SLUB: HWalign=64, Order=0-3, MinObjects=0, CPUs=2, Nodes=1
[    0.000000] Hierarchical RCU implementation.
[    0.000000] 	Build-time adjustment of leaf fanout to 64.
[    0.000000] 	RCU restricting CPUs from NR_CPUS=512 to nr_cpu_ids=2.
[    0.000000] RCU: Adjusting geometry for rcu_fanout_leaf=64, nr_cpu_ids=2
[    0.000000] NR_IRQS:33024 nr_irqs:440 16
[    0.000000] Console: colour VGA+ 80x25
[    0.000000] console [tty1] enabled
[    0.000000] console [ttyS0] enabled
[    0.000000] tsc: Detected 2803.200 MHz processor
[    0.342120] Calibrating delay loop (skipped) preset value.. 5606.40 BogoMIPS (lpj=11212800)
[    0.345569] pid_max: default: 32768 minimum: 301
[    0.347399] ACPI: Core revision 20150930
[    0.351582] ACPI: 2 ACPI AML tables successfully acquired and loaded
[    0.354331] Security Framework initialized
[    0.356082] Yama: becoming mindful.
[    0.357987] AppArmor: AppArmor initialized
[    0.359971] Dentry cache hash table entries: 131072 (order: 8, 1048576 bytes)
[    0.363427] Inode-cache hash table entries: 65536 (order: 7, 524288 bytes)
[    0.367030] Mount-cache hash table entries: 2048 (order: 2, 16384 bytes)
[    0.369307] Mountpoint-cache hash table entries: 2048 (order: 2, 16384 bytes)
[    0.372269] Initializing cgroup subsys io
[    0.373993] Initializing cgroup subsys memory
[    0.376155] Initializing cgroup subsys devices
[    0.378596] Initializing cgroup subsys freezer
[    0.380332] Initializing cgroup subsys net_cls
[    0.382898] Initializing cgroup subsys perf_event
[    0.385072] Initializing cgroup subsys net_prio
[    0.386999] Initializing cgroup subsys hugetlb
[    0.389047] Initializing cgroup subsys pids
[    0.396818] mce: CPU supports 0 MCE banks
[    0.398672] Last level iTLB entries: 4KB 0, 2MB 0, 4MB 0
[    0.400735] Last level dTLB entries: 4KB 0, 2MB 0, 4MB 0, 1GB 0
[    0.402981] Spectre V1 : Mitigation: usercopy/swapgs barriers and __user pointer sanitization
[    0.407316] Spectre V2 : Mitigation: Full generic retpoline
[    0.409978] Spectre V2 : Spectre v2 / SpectreRSB mitigation: Filling RSB on context switch
[    0.413489] Speculative Store Bypass: Vulnerable
[    0.424140] Freeing SMP alternatives memory: 36K
[    0.445924] ftrace: allocating 32380 entries in 127 pages
[    0.660417] smpboot: APIC(0) Converting physical 0 to logical package 0
[    0.663500] smpboot: Max logical packages: 1
[    0.666506] x2apic enabled
[    0.668559] Switched APIC routing to physical x2apic.
[    0.673547] ..TIMER: vector=0x30 apic1=0 pin1=2 apic2=-1 pin2=-1
[    0.784087] smpboot: CPU0: 11th Gen Intel(R) Core(TM) i7-1165G7 @ 2.80GHz (family: 0x6, model: 0x8c, stepping: 0x1)
[    0.791173] Performance Events: unsupported p6 CPU model 140 no PMU driver, software events only.
[    0.822767] KVM setup paravirtual spinlock
[    0.827277] x86: Booting SMP configuration:
[    0.830285] .... node  #0, CPUs:      #1
[    0.833409] kvm-clock: cpu 1, msr 0:3ffe3041, secondary cpu clock
[    0.841810] mce: CPU supports 0 MCE banks
[    0.845654] x86: Booted up 1 node, 2 CPUs
[    0.849046] smpboot: Total of 2 processors activated (11212.80 BogoMIPS)
[    0.854632] devtmpfs: initialized
[    0.860644] evm: security.selinux
[    0.863037] evm: security.SMACK64
[    0.865517] evm: security.SMACK64EXEC
[    0.867943] evm: security.SMACK64TRANSMUTE
[    0.870787] evm: security.SMACK64MMAP
[    0.873475] evm: security.ima
[    0.875841] evm: security.capability
[    0.878763] clocksource: jiffies: mask: 0xffffffff max_cycles: 0xffffffff, max_idle_ns: 7645041785100000 ns
[    0.884746] futex hash table entries: 512 (order: 3, 32768 bytes)
[    0.887950] pinctrl core: initialized pinctrl subsystem
[    0.890927] RTC time:  4:45:57, date: 11/07/21
[    0.894219] NET: Registered protocol family 16
[    0.909231] cpuidle: using governor ladder
[    0.925059] cpuidle: using governor menu
[    0.927700] PCCT header not found.
[    0.930373] ACPI: bus type PCI registered
[    0.933070] acpiphp: ACPI Hot Plug PCI Controller Driver version: 0.5
[    0.936710] PCI: Using configuration type 1 for base access
[    0.953158] ACPI: Added _OSI(Module Device)
[    0.955258] ACPI: Added _OSI(Processor Device)
[    0.957318] ACPI: Added _OSI(3.0 _SCP Extensions)
[    0.959253] ACPI: Added _OSI(Processor Aggregator Device)
[    0.963597] ACPI: Executed 1 blocks of module-level executable AML code
[    0.972471] ACPI: Interpreter enabled
[    0.975252] ACPI: (supports S0 S5)
[    0.977985] ACPI: Using IOAPIC for interrupt routing
[    0.981725] PCI: Using host bridge windows from ACPI; if necessary, use "pci=nocrs" and report a bug
[    0.996862] ACPI: PCI Root Bridge [PCI0] (domain 0000 [bus 00-ff])
[    1.000664] acpi PNP0A03:00: _OSC: OS supports [ASPM ClockPM Segments MSI]
[    1.005794] acpi PNP0A03:00: _OSC: not requesting OS control; OS requires [ExtendedConfig ASPM ClockPM MSI]
[    1.011658] acpi PNP0A03:00: fail to add MMCONFIG information, can't access extended PCI configuration space under this bridge.
[    1.018201] PCI host bridge to bus 0000:00
[    1.020562] pci_bus 0000:00: root bus resource [io  0x0000-0x0cf7 window]
[    1.023926] pci_bus 0000:00: root bus resource [io  0x0d00-0xffff window]
[    1.027239] pci_bus 0000:00: root bus resource [mem 0x000a0000-0x000bffff window]
[    1.031438] pci_bus 0000:00: root bus resource [mem 0x40000000-0xfdffffff window]
[    1.035649] pci_bus 0000:00: root bus resource [bus 00-ff]
[    1.043115] pci 0000:00:01.1: legacy IDE quirk: reg 0x10: [io  0x01f0-0x01f7]
[    1.046804] pci 0000:00:01.1: legacy IDE quirk: reg 0x14: [io  0x03f6]
[    1.050092] pci 0000:00:01.1: legacy IDE quirk: reg 0x18: [io  0x0170-0x0177]
[    1.053626] pci 0000:00:01.1: legacy IDE quirk: reg 0x1c: [io  0x0376]
[    1.084033] pci 0000:00:07.0: quirk: [io  0x4000-0x403f] claimed by PIIX4 ACPI
[    1.119815] pci 0000:00:07.0: quirk: [io  0x4100-0x410f] claimed by PIIX4 SMB
[    1.134344] ACPI: PCI Interrupt Link [LNKA] (IRQs 5 9 10 *11)
[    1.137293] ACPI: PCI Interrupt Link [LNKB] (IRQs 5 9 *10 11)
[    1.140473] ACPI: PCI Interrupt Link [LNKC] (IRQs 5 *9 10 11)
[    1.144645] ACPI: PCI Interrupt Link [LNKD] (IRQs 5 9 10 *11)
[    1.149044] ACPI: Enabled 2 GPEs in block 00 to 07
[    1.152519] vgaarb: setting as boot device: PCI:0000:00:02.0
[    1.155411] vgaarb: device added: PCI:0000:00:02.0,decodes=io+mem,owns=io+mem,locks=none
[    1.159823] vgaarb: loaded
[    1.161686] vgaarb: bridge control possible 0000:00:02.0
[    1.165024] SCSI subsystem initialized
[    1.167426] ACPI: bus type USB registered
[    1.169716] usbcore: registered new interface driver usbfs
[    1.172633] usbcore: registered new interface driver hub
[    1.175422] usbcore: registered new device driver usb
[    1.178610] PCI: Using ACPI for IRQ routing
[    1.181831] NetLabel: Initializing
[    1.183884] NetLabel:  domain hash size = 128
[    1.186291] NetLabel:  protocols = UNLABELED CIPSOv4
[    1.188969] NetLabel:  unlabeled traffic allowed by default
[    1.192076] amd_nb: Cannot enumerate AMD northbridges
[    1.194843] clocksource: Switched to clocksource kvm-clock
[    1.214940] AppArmor: AppArmor Filesystem Enabled
[    1.217695] pnp: PnP ACPI init
[    1.221580] pnp: PnP ACPI: found 3 devices
[    1.237755] clocksource: acpi_pm: mask: 0xffffff max_cycles: 0xffffff, max_idle_ns: 2085701024 ns
[    1.241728] NET: Registered protocol family 2
[    1.244013] TCP established hash table entries: 8192 (order: 4, 65536 bytes)
[    1.247574] TCP bind hash table entries: 8192 (order: 5, 131072 bytes)
[    1.251811] TCP: Hash tables configured (established 8192 bind 8192)
[    1.255111] UDP hash table entries: 512 (order: 2, 16384 bytes)
[    1.258061] UDP-Lite hash table entries: 512 (order: 2, 16384 bytes)
[    1.261384] NET: Registered protocol family 1
[    1.263761] pci 0000:00:00.0: Limiting direct PCI/PCI transfers
[    1.266831] pci 0000:00:01.0: Activating ISA DMA hang workarounds
[    1.271003] Unpacking initramfs...
[    1.912893] Freeing initrd memory: 14888K
[    1.915057] clocksource: tsc: mask: 0xffffffffffffffff max_cycles: 0x28680fa287f, max_idle_ns: 440795281151 ns
[    1.919338] platform rtc_cmos: registered platform RTC device (no PNP device found)
[    1.922408] Scanning for low memory corruption every 60 seconds
[    1.925516] audit: initializing netlink subsys (disabled)
[    1.927323] audit: type=2000 audit(1636260363.390:1): initialized
[    1.930391] Initialise system trusted keyring
[    1.932838] HugeTLB registered 2 MB page size, pre-allocated 0 pages
[    1.938617] zbud: loaded
[    1.941389] VFS: Disk quotas dquot_6.6.0
[    1.943303] VFS: Dquot-cache hash table entries: 512 (order 0, 4096 bytes)
[    1.946477] squashfs: version 4.0 (2009/01/31) Phillip Lougher
[    1.951740] fuse init (API version 7.23)
[    1.953795] Key type big_key registered
[    1.955784] Allocating IMA MOK and blacklist keyrings.
[    1.959797] Key type asymmetric registered
[    1.961659] Asymmetric key parser 'x509' registered
[    1.963789] Block layer SCSI generic (bsg) driver version 0.4 loaded (major 249)
[    1.967074] io scheduler noop registered
[    1.968724] io scheduler deadline registered (default)
[    1.971272] io scheduler cfq registered
[    1.973285] pci_hotplug: PCI Hot Plug PCI Core version: 0.5
[    1.975553] pciehp: PCI Express Hot Plug Controller Driver version: 0.4
[    1.978302] ACPI: AC Adapter [AC] (off-line)
[    1.980257] input: Power Button as /devices/LNXSYSTM:00/LNXPWRBN:00/input/input0
[    1.983426] ACPI: Power Button [PWRF]
[    1.985228] input: Sleep Button as /devices/LNXSYSTM:00/LNXSLPBN:00/input/input1
[    1.988653] ACPI: Sleep Button [SLPF]
[    1.991908] ACPI: Battery Slot [BAT0] (battery present)
[    1.994186] GHES: HEST is not enabled!
[    1.995987] Serial: 8250/16550 driver, 32 ports, IRQ sharing enabled
[    2.020479] 00:02: ttyS0 at I/O 0x3f8 (irq = 4, base_baud = 115200) is a 16550A
[    2.026562] Linux agpgart interface v0.103
[    2.031402] loop: module loaded
[    2.034372] scsi host0: ata_piix
[    2.036394] scsi host1: ata_piix
[    2.038300] ata1: PATA max UDMA/33 cmd 0x1f0 ctl 0x3f6 bmdma 0xd000 irq 14
[    2.052076] ata2: PATA max UDMA/33 cmd 0x170 ctl 0x376 bmdma 0xd008 irq 15
[    2.056022] libphy: Fixed MDIO Bus: probed
[    2.057970] tun: Universal TUN/TAP device driver, 1.6
[    2.059678] tun: (C) 1999-2004 Max Krasnyansky <maxk@qualcomm.com>
[    2.062359] PPP generic driver version 2.4.2
[    2.064396] ehci_hcd: USB 2.0 'Enhanced' Host Controller (EHCI) Driver
[    2.068393] ehci-pci: EHCI PCI platform driver
[    2.070964] ehci-platform: EHCI generic platform driver
[    2.073849] ohci_hcd: USB 1.1 'Open' Host Controller (OHCI) Driver
[    2.077102] ohci-pci: OHCI PCI platform driver
[    2.079537] ohci-platform: OHCI generic platform driver
[    2.082340] uhci_hcd: USB Universal Host Controller Interface driver
[    2.085700] i8042: PNP: PS/2 Controller [PNP0303:PS2K,PNP0f03:PS2M] at 0x60,0x64 irq 1,12
[    2.091278] serio: i8042 KBD port at 0x60,0x64 irq 1
[    2.093933] serio: i8042 AUX port at 0x60,0x64 irq 12
[    2.096947] mousedev: PS/2 mouse device common for all mice
[    2.101314] input: AT Translated Set 2 keyboard as /devices/platform/i8042/serio0/input/input2
[    2.106094] rtc_cmos rtc_cmos: rtc core: registered rtc_cmos as rtc0
[    2.108834] rtc_cmos rtc_cmos: alarms up to one day, 114 bytes nvram
[    2.111557] i2c /dev entries driver
[    2.113756] device-mapper: uevent: version 1.0.3
[    2.116584] device-mapper: ioctl: 4.34.0-ioctl (2015-10-28) initialised: dm-devel@redhat.com
[    2.120498] ledtrig-cpu: registered to indicate activity on CPUs
[    2.123975] NET: Registered protocol family 10
[    2.126329] NET: Registered protocol family 17
[    2.128260] Key type dns_resolver registered
[    2.131152] registered taskstats version 1
[    2.132983] Loading compiled-in X.509 certificates
[    2.136710] Loaded X.509 cert 'Build time autogenerated kernel key: cf00e047681d67edb2720680708b7d9498083038'
[    2.140708] zswap: loaded using pool lzo/zbud
[    2.146525] Key type trusted registered
[    2.164011] Key type encrypted registered
[    2.166277] AppArmor: AppArmor sha1 policy hashing enabled
[    2.168295] ima: No TPM chip found, activating TPM-bypass!
[    2.169943] ima: Allocated hash algorithm: sha1
[    2.171600] evm: HMAC attrs: 0x1
[    2.173310]   Magic number: 13:214:767
[    2.175033] rtc_cmos rtc_cmos: setting system clock to 2021-11-07 04:45:58 UTC (1636260358)
[    2.177662] BIOS EDD facility v0.16 2004-Jun-25, 0 devices found
[    2.179541] EDD information not available.
[    2.242051] Freeing unused kernel memory: 1492K
[    2.245799] Write protecting the kernel read-only data: 14336k
[    2.249753] Freeing unused kernel memory: 1584K
[    2.253229] Freeing unused kernel memory: 52K
Loading, please wait...
starting version 229
[    2.283921] random: systemd-udevd: uninitialized urandom read (16 bytes read, 3 bits of entropy available)
[    2.285702] random: udevadm: uninitialized urandom read (16 bytes read, 3 bits of entropy available)
[    2.285753] random: udevadm: uninitialized urandom read (16 bytes read, 3 bits of entropy available)
[    2.304450] random: systemd-udevd: uninitialized urandom read (16 bytes read, 3 bits of entropy available)
[    2.311527] random: systemd-udevd: uninitialized urandom read (16 bytes read, 3 bits of entropy available)
[    2.311933] random: udevadm: uninitialized urandom read (16 bytes read, 3 bits of entropy available)
[    2.312046] random: udevadm: uninitialized urandom read (16 bytes read, 3 bits of entropy available)
[    2.312315] random: udevadm: uninitialized urandom read (16 bytes read, 3 bits of entropy available)
[    2.312421] random: udevadm: uninitialized urandom read (16 bytes read, 3 bits of entropy available)
[    2.312528] random: udevadm: uninitialized urandom read (16 bytes read, 3 bits of entropy available)
[    2.422837] Fusion MPT base driver 3.04.20
[    2.427828] Copyright (c) 1999-2008 LSI Corporation
[    2.452241] e1000: Intel(R) PRO/1000 Network Driver - version 7.3.21-k8-NAPI
[    2.456762] e1000: Copyright (c) 1999-2006 Intel Corporation.
[    2.510504] AVX2 version of gcm_enc/dec engaged.
[    2.514296] AES CTR mode by8 optimization enabled
[    2.537221] Fusion MPT SPI Host driver 3.04.20
[    2.707348] input: ImExPS/2 Generic Explorer Mouse as /devices/platform/i8042/serio1/input/input4
[    2.982604] e1000 0000:00:03.0 eth0: (PCI:33MHz:32-bit) 02:be:82:6b:cc:1d
[    2.985519] e1000 0000:00:03.0 eth0: Intel(R) PRO/1000 Network Connection
[    2.990312] mptbase: ioc0: Initiating bringup
[    3.651137] ioc0: LSI53C1030 A0: Capabilities={Initiator}
[    5.830730] scsi host2: ioc0: LSI53C1030 A0, FwRev=00000000h, Ports=1, MaxQ=256, IRQ=20
[    6.959373] scsi 2:0:0:0: Direct-Access     VBOX     HARDDISK         1.0  PQ: 0 ANSI: 5
[    6.964373] scsi target2:0:0: Beginning Domain Validation
[    6.972053] scsi target2:0:0: Domain Validation skipping write tests
[    6.975280] scsi target2:0:0: Ending Domain Validation
[    6.978072] scsi target2:0:0: asynchronous
[    6.980398] scsi 2:0:1:0: Direct-Access     VBOX     HARDDISK         1.0  PQ: 0 ANSI: 5
[    6.984183] scsi target2:0:1: Beginning Domain Validation
[    6.987783] scsi target2:0:1: Domain Validation skipping write tests
[    6.990034] scsi target2:0:1: Ending Domain Validation
[    6.992197] scsi target2:0:1: asynchronous
[    7.021685] sd 2:0:0:0: Attached scsi generic sg0 type 0
[    7.027837] sd 2:0:1:0: Attached scsi generic sg1 type 0
[    7.033852] sd 2:0:0:0: [sda] 83886080 512-byte logical blocks: (42.9 GB/40.0 GiB)
[    7.041229] sd 2:0:1:0: [sdb] 20480 512-byte logical blocks: (10.5 MB/10.0 MiB)
[    7.041613] sd 2:0:0:0: [sda] Write Protect is off
[    7.048979] sd 2:0:0:0: [sda] Incomplete mode parameter data
[    7.048985] sd 2:0:0:0: [sda] Assuming drive cache: write through
[    7.049019] sd 2:0:1:0: [sdb] Write Protect is off
[    7.056368] sd 2:0:1:0: [sdb] Incomplete mode parameter data
[    7.056374] sd 2:0:1:0: [sdb] Assuming drive cache: write through
[    7.113861]  sda: sda1
[    7.118370] sd 2:0:0:0: [sda] Attached SCSI disk
[    7.121389] sd 2:0:1:0: [sdb] Attached SCSI disk
[    7.569676] e1000 0000:00:08.0 eth1: (PCI:33MHz:32-bit) 08:00:27:99:b9:6a
[    7.574158] e1000 0000:00:08.0 eth1: Intel(R) PRO/1000 Network Connection
[    7.580086] e1000 0000:00:03.0 enp0s3: renamed from eth0
[    7.595386] e1000 0000:00:08.0 enp0s8: renamed from eth1
Begin: Loading essential drivers ... [    9.421186] md: linear personality registered for level -1
[    9.427881] md: multipath personality registered for level -4
[    9.435408] md: raid0 personality registered for level 0
[    9.446218] md: raid1 personality registered for level 1
[    9.522938] raid6: sse2x1   gen()  3579 MB/s
[    9.590882] raid6: sse2x1   xor()  2591 MB/s
[    9.658909] raid6: sse2x2   gen()  5246 MB/s
[    9.726909] raid6: sse2x2   xor()  3860 MB/s
[    9.794940] raid6: sse2x4   gen()  7080 MB/s
[    9.862907] raid6: sse2x4   xor()  3627 MB/s
[    9.930940] raid6: avx2x1   gen()  6850 MB/s
[    9.998921] raid6: avx2x2   gen()  9192 MB/s
[   10.066960] raid6: avx2x4   gen()  9270 MB/s
[   10.070447] raid6: using algorithm avx2x4 gen() 9270 MB/s
[   10.074123] raid6: using avx2x2 recovery algorithm
[   10.079559] xor: automatically using best checksumming function:
[   10.122929]    avx       :  6808.000 MB/sec
[   10.128241] async_tx: api initialized (async)
[   10.155335] md: raid6 personality registered for level 6
[   10.157991] md: raid5 personality registered for level 5
[   10.160516] md: raid4 personality registered for level 4
[   10.176659] md: raid10 personality registered for level 10
done.
Begin: Running /scripts/init-premount ... done.
Begin: Mounting root file system ... Begin: Running /scripts/local-top ... done.
Begin: Running /scripts/local-premount ... [   10.249689] Btrfs loaded
Scanning for Btrfs filesystems
done.
Warning: fsck not present, so skipping root file system
[   10.291893] EXT4-fs (sda1): mounted filesystem with ordered data mode. Opts: (null)
done.
Begin: Running /scripts/local-bottom ... done.
Begin: Running /scripts/init-bottom ... done.
[   10.434901] systemd[1]: systemd 229 running in system mode. (+PAM +AUDIT +SELINUX +IMA +APPARMOR +SMACK +SYSVINIT +UTMP +LIBCRYPTSETUP +GCRYPT +GNUTLS +ACL +XZ -LZ4 +SECCOMP +BLKID +ELFUTILS +KMOD -IDN)
[   10.441758] systemd[1]: Detected virtualization oracle.
[   10.445092] systemd[1]: Detected architecture x86-64.

Welcome to [1mUbuntu 16.04.7 LTS[0m!

[   10.452084] systemd[1]: Set hostname to <ubuntu>.
[   10.458484] systemd[1]: Initializing machine ID from random generator.
[   10.462471] systemd[1]: Installed transient /etc/machine-id file.
[   10.679837] systemd[1]: Set up automount Arbitrary Executable File Formats File System Automount Point.
[[0;32m  OK  [0m] Set up automount Arbitrary Executab...ats File System Automount Point.
[   10.685988] systemd[1]: Listening on LVM2 metadata daemon socket.
[[0;32m  OK  [0m] Listening on LVM2 metadata daemon socket.
[   10.689519] systemd[1]: Listening on LVM2 poll daemon socket.
[[0;32m  OK  [0m] Listening on LVM2 poll daemon socket.
[   10.693575] systemd[1]: Listening on /dev/initctl Compatibility Named Pipe.
[[0;32m  OK  [0m] Listening on /dev/initctl Compatibility Named Pipe.
[   10.697092] systemd[1]: Reached target Swap.
[[0;32m  OK  [0m] Reached target Swap.
[   10.700460] systemd[1]: Listening on udev Kernel Socket.
[[0;32m  OK  [0m] Listening on udev Kernel Socket.
[   10.704287] systemd[1]: Listening on Syslog Socket.
[[0;32m  OK  [0m] Listening on Syslog Socket.
[   10.707719] systemd[1]: Listening on fsck to fsckd communication Socket.
[[0;32m  OK  [0m] Listening on fsck to fsckd communication Socket.
[   10.712776] systemd[1]: Created slice User and Session Slice.
[[0;32m  OK  [0m] Created slice User and Session Slice.
[   10.717021] systemd[1]: Started Forward Password Requests to Wall Directory Watch.
[[0;32m  OK  [0m] Started Forward Password Requests to Wall Directory Watch.
[   10.722390] systemd[1]: Listening on Journal Socket.
[[0;32m  OK  [0m] Listening on Journal Socket.
[   10.731434] systemd[1]: Reached target User and Group Name Lookups.
[[0;32m  OK  [0m] Reached target User and Group Name Lookups.
[   10.736049] systemd[1]: Listening on Journal Audit Socket.
[[0;32m  OK  [0m] Listening on Journal Audit Socket.
[   10.739500] systemd[1]: Listening on Device-mapper event daemon FIFOs.
[[0;32m  OK  [0m] Listening on Device-mapper event daemon FIFOs.
[   10.747942] systemd[1]: Reached target Encrypted Volumes.
[[0;32m  OK  [0m] Reached target Encrypted Volumes.
[   10.751783] systemd[1]: Reached target System Time Synchronized.
[[0;32m  OK  [0m] Reached target System Time Synchronized.
[   10.755497] systemd[1]: Listening on udev Control Socket.
[[0;32m  OK  [0m] Listening on udev Control Socket.
[   10.764573] systemd[1]: Created slice System Slice.
[[0;32m  OK  [0m] Created slice System Slice.
[   10.776828] systemd[1]: Reached target Slices.
[[0;32m  OK  [0m] Reached target Slices.
[   10.791939] systemd[1]: Mounting Debug File System...
         Mounting Debug File System...
[   10.798735] systemd[1]: Starting Load Kernel Modules...
         Starting Load Kernel Modules...
[   10.802375] systemd[1]: Mounting Huge Pages File System...
         Mounting Huge Pages File System...
[   10.805594] systemd[1]: Starting Set console keymap...
         Starting Set console keymap...
[   10.815791] systemd[1]: Starting Nameserver information manager...
[   10.819314] Loading iSCSI transport class v2.0-870.
         Starting Nameserver information manager...
[   10.824973] systemd[1]: Mounting POSIX Message Queue File System...
         Mounting POSIX Message Queue File System...
[   10.833280] systemd[1]: Starting File System Check on Root Device...
         Starting File System Check on Root Device...
[   10.839490] systemd[1]: Starting Create list of required static device nodes for the current kernel...
         Starting Create list of required st... nodes for the current kernel...
[   10.846277] iscsi: registered transport (tcp)
[   10.846646] systemd[1]: Created slice system-serial\x2dgetty.slice.
[[0;32m  OK  [0m] Created slice system-serial\x2dgetty.slice.
[   10.853008] systemd[1]: Started Trigger resolvconf update for networkd DNS.
[[0;32m  OK  [0m] Started Trigger resolvconf update for networkd DNS.
[   10.862878] systemd[1]: Listening on Journal Socket (/dev/log).
[[0;32m  OK  [0m] Listening on Journal Socket (/dev/log).
[   10.871216] systemd[1]: Starting Journal Service...
         Starting Journal Service...
[   10.877150] systemd[1]: Starting Monitoring of LVM2 mirrors, snapshots etc. using dmeventd or progress polling...
         Starting Monitoring of LVM2 mirrors... dmeventd or progress polling...
[   10.890341] systemd[1]: Starting Uncomplicated firewall...
         Starting Uncomplicated firewall...
[   10.908463] systemd[1]: Mounted Huge Pages File System.
[[0;32m  OK  [0m] Mounted Huge Pages File System.
[   10.915882] systemd[1]: Mounted POSIX Message Queue File System.
[[0;32m  OK  [0m] Mounted POSIX Message Queue File System.
[   10.924135] systemd[1]: Mounted Debug File System.
[[0;32m  OK  [0m] Mounted Debug File System.
[   10.948952] systemd[1]: Started File System Check on Root Device.
[[0;32m  OK  [0m] Started File System Check on Root Device.
[   10.964898] systemd[1]: Started Create list of required static device nodes for the current kernel.
[[0;32m  OK  [0m] Started Create list of required sta...ce nodes for the current kernel.
[   10.979667] systemd[1]: Started Set console keymap.
[[0;32m  OK  [0m] Started Set console keymap.
[   10.992952] systemd[1]: Started Uncomplicated firewall.
[[0;32m  OK  [0m] Started Uncomplicated firewall.
[   11.011306] systemd[1]: Started Nameserver information manager.
[   11.015157] iscsi: registered transport (iser)
[[0;32m  OK  [0m] Started Nameserver information manager.
[   11.024127] systemd[1]: Started Load Kernel Modules.
[[0;32m  OK  [0m] Started Load Kernel Modules.
[   11.033699] systemd[1]: Started Journal Service.
[[0;32m  OK  [0m] Started Journal Service.
[   11.051562] random: nonblocking pool is initialized
[[0;32m  OK  [0m] Started LVM2 metadata daemon.
[[0;32m  OK  [0m] Started File System Check Daemon to report status.
         Starting Apply Kernel Variables...
         Mounting FUSE Control File System...
         Starting Create Static Device Nodes in /dev...
         Starting Remount Root and Kernel File Systems...
[[0;32m  OK  [0m] Mounted FUSE Control File System.
[[0;32m  OK  [0m] Started Apply Kernel Variables.
[[0;32m  OK  [0m] Started Create Static Device Nodes in /dev.
[[0;32m  OK  [0m] Started Remount Root and Kernel File Systems.
         Starting Load/Save Random Seed...
         Starting udev Coldplug all Devices...
         Starting Flush Journal to Persistent Storage...
         Starting udev Kernel Device Manager...
[[0;32m  OK  [0m] Started Load/Save Random Seed.
[[0;32m  OK  [0m] Started Flush Journal to Persistent Storage.
[[0;32m  OK  [0m] Started udev Kernel Device Manager.
[[0;32m  OK  [0m] Started Monitoring of LVM2 mirrors,...ng dmeventd or progress polling.
[[0;32m  OK  [0m] Reached target Local File Systems (Pre).
[[0;32m  OK  [0m] Reached target Local File Systems.
         Starting LSB: AppArmor initialization...
         Starting Set console font and keymap...
         Starting Tell Plymouth To Write Out Runtime Data...
         Starting Create Volatile Files and Directories...
         Starting Commit a transient machine-id on disk...
         Starting Initial cloud-init job (pre-networking)...
[[0;32m  OK  [0m] Started Tell Plymouth To Write Out Runtime Data.
[[0;32m  OK  [0m] Started udev Coldplug all Devices.
[[0;32m  OK  [0m] Started Create Volatile Files and Directories.
         Starting Update UTMP about System Boot/Shutdown...
[[0;32m  OK  [0m] Started Dispatch Password Requests to Console Directory Watch.
[[0;32m  OK  [0m] Started Commit a transient machine-id on disk.
[[0;32m  OK  [0m] Started Update UTMP about System Boot/Shutdown.
[[0;32m  OK  [0m] Found device /dev/ttyS0.
[[0;32m  OK  [0m] Listening on Load/Save RF Kill Switch Status /dev/rfkill Watch.
[   13.987028] cloud-init[503]: Cloud-init v. 21.1-19-gbad84ad4-0ubuntu1~16.04.2 running 'init-local' at Sun, 07 Nov 2021 04:46:09 +0000. Up 12.71 seconds.
[[0;32m  OK  [0m] Started Initial cloud-init job (pre-networking).
[[0;32m  OK  [0m] Started LSB: AppArmor initialization.
         Starting Load AppArmor profiles managed internally by snapd...
[[0;32m  OK  [0m] Reached target Network (Pre).
         Starting Raise network interfaces...
[[0;32m  OK  [0m] Started Load AppArmor profiles managed internally by snapd.
[[0;32m  OK  [0m] Started Set console font and keymap.
[[0;32m  OK  [0m] Created slice system-getty.slice.
[[0;32m  OK  [0m] Started Raise network interfaces.
[[0;32m  OK  [0m] Reached target Network.
         Starting Initial cloud-init job (metadata service crawler)...
[   16.945642] cloud-init[972]: Cloud-init v. 21.1-19-gbad84ad4-0ubuntu1~16.04.2 running 'init' at Sun, 07 Nov 2021 04:46:12 +0000. Up 15.88 seconds.
[   16.949443] cloud-init[972]: ci-info: ++++++++++++++++++++++++++++++++++++++Net device info+++++++++++++++++++++++++++++++++++++++
[   16.952637] cloud-init[972]: ci-info: +--------+-------+----------------------------+---------------+--------+-------------------+
[   16.955218] cloud-init[972]: ci-info: | Device |   Up  |          Address           |      Mask     | Scope  |     Hw-Address    |
[   16.965968] cloud-init[972]: ci-info: +--------+-------+----------------------------+---------------+--------+-------------------+
[   16.972781] cloud-init[972]: ci-info: | enp0s3 |  True |         10.0.2.15          | 255.255.255.0 | global | 02:be:82:6b:cc:1d |
[   16.975737] cloud-init[972]: ci-info: | enp0s3 |  True | fe80::be:82ff:fe6b:cc1d/64 |       .       |  link  | 02:be:82:6b:cc:1d |
[   16.978515] cloud-init[972]: ci-info: | enp0s8 | False |             .              |       .       |   .    | 08:00:27:99:b9:6a |
[   16.981738] cloud-init[972]: ci-info: |   lo   |  True |         127.0.0.1          |   255.0.0.0   |  host  |         .         |
[   16.992933] cloud-init[972]: ci-info: |   lo   |  True |          ::1/128           |       .       |  host  |         .         |
[   16.996651] cloud-init[972]: ci-info: +--------+-------+----------------------------+---------------+--------+-------------------+
[   16.999803] cloud-init[972]: ci-info: +++++++++++++++++++++++++++Route IPv4 info++++++++++++++++++++++++++++
[   17.008813] cloud-init[972]: ci-info: +-------+-------------+----------+---------------+-----------+-------+
[   17.016840] cloud-init[972]: ci-info: | Route | Destination | Gateway  |    Genmask    | Interface | Flags |
[   17.019897] cloud-init[972]: ci-info: +-------+-------------+----------+---------------+-----------+-------+
[   17.022758] cloud-init[972]: ci-info: |   0   |   0.0.0.0   | 10.0.2.2 |    0.0.0.0    |   enp0s3  |   UG  |
[   17.025237] cloud-init[972]: ci-info: |   1   |   10.0.2.0  | 0.0.0.0  | 255.255.255.0 |   enp0s3  |   U   |
[   17.028473] cloud-init[972]: ci-info: +-------+-------------+----------+---------------+-----------+-------+
[   17.031508] cloud-init[972]: ci-info: +++++++++++++++++++Route IPv6 info+++++++++++++++++++
[   17.034386] cloud-init[972]: ci-info: +-------+-------------+---------+-----------+-------+
[   17.040917] cloud-init[972]: ci-info: | Route | Destination | Gateway | Interface | Flags |
[   17.043360] cloud-init[972]: ci-info: +-------+-------------+---------+-----------+-------+
[   17.045759] cloud-init[972]: ci-info: |   0   |  fe80::/64  |    ::   |   enp0s3  |   U   |
[   17.052977] cloud-init[972]: ci-info: |   3   |   ff00::/8  |    ::   |   enp0s3  |   U   |
[   17.056239] cloud-init[972]: ci-info: +-------+-------------+---------+-----------+-------+
[   17.058825] cloud-init[972]: Generating public/private rsa key pair.
[   17.060593] cloud-init[972]: Your identification has been saved in /etc/ssh/ssh_host_rsa_key.
[   17.063146] cloud-init[972]: Your public key has been saved in /etc/ssh/ssh_host_rsa_key.pub.
[   17.065933] cloud-init[972]: The key fingerprint is:
[   17.067575] cloud-init[972]: SHA256:3j+t6ma4/FWgdew2xmdo5n1bRoLgtGgxEpSyWgKXVjQ root@ubuntu-xenial
[   17.070151] cloud-init[972]: The key's randomart image is:
[   17.076850] cloud-init[972]: +---[RSA 2048]----+
[   17.089531] cloud-init[972]: |   +E.o.         |
[   17.090066] cloud-init[972]: |. + ....     .   |
[   17.091011] cloud-init[972]: | +   o. o o o o  |
[   17.091467] cloud-init[972]: |  . o  . * = * . |
[[   17.092033] [0;32m  OK  [0mcloud-init[972]: |   +    S + . % +|
[   17.092910] cloud-init[972]: |  .    o .   B B |
] Started Initial cloud-init job (metadata service crawler).
[   17.093156] cloud-init[972]: |        ... ... =|
[   17.093447] cloud-init[972]: |       .. oo. ..+|
[   17.094410] cloud-init[972]: |        o*+.oo . |
[   17.094674] cloud-init[972]: +----[SHA256]-----+
[   17.104234] cloud-init[972]: Generating public/private dsa key pair.
[   17.104695] cloud-init[972]: Your identification has been saved in /etc/ssh/ssh_host_dsa_key.
[   17.105896] cloud-init[972]: Your public key has been saved in /etc/ssh/ssh_host_dsa_key.pub.
[[0;32m  OK  [0m] Reached target Cloud-config availability.[   17.106633] cloud-init[972]: The key fingerprint is:
[   17.112913] cloud-init[972]: SHA256:7wWo/KiCzzNAIK4F6K1tLY2WNdudPSDq/NMR/fs/WLg root@ubuntu-xenial
[   17.114546] cloud-init[972]: The key's randomart image is:
[   17.115726] cloud-init[972]: +---[DSA 1024]----+
[   17.116941] cloud-init[972]: |.                |
[   17.118141] cloud-init[972]: |=                |
[   17.119322] cloud-init[972]: |=..       .      |
[   17.120909] cloud-init[972]: | +.. o . + .     |
[   17.122091] cloud-init[972]: |o.o * = S * . .  |
[   17.123278] cloud-init[972]: |o. B * o = + o . |
[   17.124899] cloud-init[972]: | oo + o . o o =  |
[   17.126096] cloud-init[972]: |..+  o + o . E . |
[   17.127300] cloud-init[972]: | .o+..o.o .   ..+|
[   17.128866] cloud-init[972]: +----[SHA256]-----+
[   17.130052] cloud-init[972]: Generating public/private ecdsa key pair.
[   17.131118] cloud-init[972]: Your identification has been saved in /etc/ssh/ssh_host_ecdsa_key.
[   17.132710] cloud-init[972]: Your public key has been saved in /etc/ssh/ssh_host_ecdsa_key.pub.
[   17.133885] cloud-init[972]: The key fingerprint is:
[   17.135094] cloud-init[972]: SHA256:bKCxqJYeKDBSNUbNoVxVMpZa71/Xm4k0MzyZ+G0YO1c root@ubuntu-xenial
[   17.136246] cloud-init[972]: The key's randomart image is:
[   17.137501] cloud-init[972]: +---[ECDSA 256]---+
[   17.138706] cloud-init[972]: |   .=ooo=o.      |
[   17.138901] cloud-init[972]: |   + +o.oo       |
[   17.139247] cloud-init[972]: |  . + .o .       |
[   17.139488] cloud-init[972]: | . . +.o  .      |
[   17.139899] cloud-init[972]: |+ . o   S.  o o .|
[   17.140277] cloud-init[972]: |+o.    .  .. @. E|
[   17.140435] cloud-init[972]: |++         .o.@.=|
[   17.141129] cloud-init[972]: |+ .         .* B |
[   17.141377] cloud-init[972]: | .            +  |
[   17.141961] cloud-init[972]: +----[SHA256]-----+
[   17.143020] cloud-init[972]: Generating public/private ed25519 key pair.
[   17.143744] cloud-init[972]: Your identification has been saved in /etc/ssh/ssh_host_ed25519_key.
[   17.154248] cloud-init[972]: Your public key has been saved in /etc/ssh/ssh_host_ed25519_key.pub.
[   17.154423] cloud-init[972]: The key fingerprint is:
[   17.154827] cloud-init[972]: SHA256:LAVTBIMv0bCYQ+7br2xlooBX6dED9RBjMxdSjTiTkW0 root@ubuntu-xenial
[   17.155061] cloud-init[972]: The key's randomart image is:
[   17.155494] cloud-init[972]: +--[ED25519 256]--+
[   17.155700] cloud-init[972]: |  . .=/%*+       |
[   17.155919] cloud-init[972]: | o o+oB%E .      |
[   17.156846] cloud-init[972]: |  = .* +o        |
[   17.157672] cloud-init[972]: | . .= +o         |
[   17.157907] cloud-init[972]: |. .o o..S        |
[   17.158131] cloud-init[972]: |o .oo o.         |
[   17.158254] cloud-init[972]: | o...+           |
[   17.158965] cloud-init[972]: |  ....           |
[   17.159223] cloud-init[972]: |   .o..          |
[   17.159484] cloud-init[972]: +----[SHA256]-----+

[[0;32m  OK  [0m] Reached target Network is Online.
         Starting iSCSI initiator daemon (iscsid)...
[[0;32m  OK  [0m] Reached target System Initialization.
[[0;32m  OK  [0m] Listening on D-Bus System Message Bus Socket.
[[0;32m  OK  [0m] Started Ubuntu Advantage update messaging.
[[0;32m  OK  [0m] Started Message of the Day.
[[0;32m  OK  [0m] Listening on ACPID Listen Socket.
         Starting Socket activation for snappy daemon.
[[0;32m  OK  [0m] Started ACPI Events Check.
[[0;32m  OK  [0m] Reached target Paths.
         Starting LXD - unix socket.
[[0;32m  OK  [0m] Started Daily apt download activities.
[[0;32m  OK  [0m] Started Daily Cleanup of Temporary Directories.
[[0;32m  OK  [0m] Started Daily apt upgrade and clean activities.
[[0;32m  OK  [0m] Reached target Timers.
[[0;32m  OK  [0m] Listening on UUID daemon activation socket.
[[0;32m  OK  [0m] Listening on Socket activation for snappy daemon.
[[0;32m  OK  [0m] Listening on LXD - unix socket.
[[0;32m  OK  [0m] Reached target Sockets.
[[0;32m  OK  [0m] Reached target Basic System.
         Starting LSB: MD monitoring daemon...
         Starting LXD - container startup/shutdown...
         Starting LSB: Record successful boot for GRUB...
         Starting Virtualbox guest utils...
[[0;32m  OK  [0m] Started Deferred execution scheduler.
         Starting Login Service...
[[0;32m  OK  [0m] Started D-Bus System Message Bus.
[[0;32m  OK  [0m] Started FUSE filesystem for LXC.
         Starting Accounts Service...
         Starting /etc/rc.local Compatibility...
         Starting System Logging Service...
[[0;32m  OK  [0m] Started Regular background program processing daemon.
         Starting Pollinate to seed the pseudo random number generator...
[[0;32m  OK  [0m] Started ACPI event daemon.
         Starting Snap Daemon...
[[0;32m  OK  [0m] Started iSCSI initiator daemon (iscsid).
[[0;32m  OK  [0m] Started /etc/rc.local Compatibility.
         Starting Login to default iSCSI targets...
[[0;32m  OK  [0m] Started LSB: MD monitoring daemon.
[[0;32m  OK  [0m] Started LSB: Record successful boot for GRUB.
[[0;32m  OK  [0m] Started Login Service.
[[0;32m  OK  [0m] Started Unattended Upgrades Shutdown.
         Starting Authenticate and Authorize Users to Run Privileged Tasks...
[[0;32m  OK  [0m] Started Login to default iSCSI targets.
[[0;32m  OK  [0m] Reached target Remote File Systems (Pre).
[[0;32m  OK  [0m] Reached target Remote File Systems.
         Starting LSB: daemon to balance interrupts for SMP systems...
         Starting Permit User Sessions...
         Starting LSB: Set the CPU Frequency Scaling governor to "ondemand"...
         Starting LSB: automatic crash report generation...
[[0;32m  OK  [0m] Started LXD - container startup/shutdown.
[[0;32m  OK  [0m] Started Permit User Sessions.
         Starting Hold until boot process finishes up...
         Starting Terminate Plymouth Boot Screen...
[[0;32m  OK  [0m] Started System Logging Service.
[[0;32m  OK  [0m] Started Hold until boot process finishes up.
[[0;32m  OK  [0m] Started Serial Getty on ttyS0.
[[0;32m  OK  [0m] Started Getty on tty1.
[[0;32m  OK  [0m] Reached target Login Prompts.
         Starting Set console scheme...
[[0;32m  OK  [0m] Started LSB: Set the CPU Frequency Scaling governor to "ondemand".
[[0;32m  OK  [0m] Started Terminate Plymouth Boot Screen.
[[0;32m  OK  [0m] Started Authenticate and Authorize Users to Run Privileged Tasks.
[[0;32m  OK  [0m] Started Set console scheme.
[[0;32m  OK  [0m] Started Accounts Service.
[[0;32m  OK  [0m] Started Virtualbox guest utils.
[[0;32m  OK  [0m] Started LSB: daemon to balance interrupts for SMP systems.
[[0;32m  OK  [0m] Started LSB: automatic crash report generation.
[[0;32m  OK  [0m] Started Snap Daemon.
         Starting Wait until snapd is fully seeded...
[[0;32m  OK  [0m] Started Pollinate to seed the pseudo random number generator.
         Starting OpenBSD Secure Shell server...
[[0;32m  OK  [0m] Started OpenBSD Secure Shell server.
[[0;32m  OK  [0m] Created slice User Slice of vagrant.
         Starting User Manager for UID 1000...
[[0;32m  OK  [0m] Started Wait until snapd is fully seeded.
[[0;32m  OK  [0m] Started Session 1 of user vagrant.
[[0;32m  OK  [0m] Reached target Multi-User System.
[[0;32m  OK  [0m] Reached target Graphical Interface.
         Starting Update UTMP about System Runlevel Changes...
         Starting Apply the settings specified in cloud-config...
[[0;32m  OK  [0m] Started Update UTMP about System Runlevel Changes.
[[0;32m  OK  [0m] Started User Manager for UID 1000.
[   20.575755] cloud-init[1336]: Generating locales (this might take a while)...
[   22.301409] cloud-init[1336]:   en_US.UTF-8... done
[   22.305128] cloud-init[1336]: Generation complete.
[   23.005175] cloud-init[1336]: Cloud-init v. 21.1-19-gbad84ad4-0ubuntu1~16.04.2 running 'modules:config' at Sun, 07 Nov 2021 04:46:17 +0000. Up 20.32 seconds.

Ubuntu 16.04.7 LTS ubuntu-xenial ttyS0

ubuntu-xenial login: ci-info: no authorized SSH keys fingerprints found for user ubuntu.
<14>Nov  7 04:46:20 ec2: 
<14>Nov  7 04:46:20 ec2: #############################################################
<14>Nov  7 04:46:20 ec2: -----BEGIN SSH HOST KEY FINGERPRINTS-----
<14>Nov  7 04:46:20 ec2: 1024 SHA256:7wWo/KiCzzNAIK4F6K1tLY2WNdudPSDq/NMR/fs/WLg root@ubuntu-xenial (DSA)
<14>Nov  7 04:46:20 ec2: 256 SHA256:bKCxqJYeKDBSNUbNoVxVMpZa71/Xm4k0MzyZ+G0YO1c root@ubuntu-xenial (ECDSA)
<14>Nov  7 04:46:20 ec2: 256 SHA256:LAVTBIMv0bCYQ+7br2xlooBX6dED9RBjMxdSjTiTkW0 root@ubuntu-xenial (ED25519)
<14>Nov  7 04:46:20 ec2: 2048 SHA256:3j+t6ma4/FWgdew2xmdo5n1bRoLgtGgxEpSyWgKXVjQ root@ubuntu-xenial (RSA)
<14>Nov  7 04:46:20 ec2: -----END SSH HOST KEY FINGERPRINTS-----
<14>Nov  7 04:46:20 ec2: #############################################################
-----BEGIN SSH HOST KEY KEYS-----
ecdsa-sha2-nistp256 AAAAE2VjZHNhLXNoYTItbmlzdHAyNTYAAAAIbmlzdHAyNTYAAABBBGGDJkGB2qz/w0eEpxVdWf+SciBMgVPjfWfgZsZxSTrQ6WSV0N4Hu66xxqowEofXnaz5QwpXw65oYBkWv1WCnxg= root@ubuntu-xenial
ssh-ed25519 AAAAC3NzaC1lZDI1NTE5AAAAILXtoyLy74D8FZlR5EgxBH6ysKHSVYJ8bKVI/q3PqtFy root@ubuntu-xenial
ssh-rsa AAAAB3NzaC1yc2EAAAADAQABAAABAQDMI3ovvJD8yFQLKQQcozxJTa/+NwCFFQnVRY3UToJKvJdVqXTNnTUoEGml0UxlS/1RtAaxtTneRywCdpjdybgq9UV4XRTEHf986s0KDoDK0hG82bM5q3akgONZKveroUHfsnZiYPwp9EEf8T56yanMxgh5NnmtLkA6tneVPJbFEQWquXRC1ulhEYf57nQ1wjSeVxlJWHZlGgWYork3KmrRNh8h+1rAqARPJQexF8LCVu4zXBPkV0JumxLQp7CRVVCwkP2SARu8XamqPOv1kr88yAaawYCp7lFUYEv9cB2tQswBXgLvGLWo44O1fe1iGpS5rojLveaMMBte+AO8WhEd root@ubuntu-xenial
-----END SSH HOST KEY KEYS-----
[   23.970963] cloud-init[1562]: Cloud-init v. 21.1-19-gbad84ad4-0ubuntu1~16.04.2 running 'modules:final' at Sun, 07 Nov 2021 04:46:20 +0000. Up 23.72 seconds.
[   23.974066] cloud-init[1562]: ci-info: no authorized SSH keys fingerprints found for user ubuntu.
[   23.975908] cloud-init[1562]: Cloud-init v. 21.1-19-gbad84ad4-0ubuntu1~16.04.2 finished at Sun, 07 Nov 2021 04:46:20 +0000. Datasource DataSourceNoCloud [seed=/dev/sdb][dsmode=net].  Up 23.95 seconds
